Archive member included to satisfy reference by file (symbol)

c:/st/stm32cubeide_1.6.1/stm32cubeide/plugins/com.st.stm32cube.ide.mcu.externaltools.gnu-tools-for-stm32.9-2020-q2-update.win32_1.5.0.202011040924/tools/bin/../lib/gcc/arm-none-eabi/9.3.1/../../../../arm-none-eabi/lib/thumb/v7e-m+fp/hard\libc_nano.a(lib_a-errno.o)
                              Core/Src/syscalls.o (__errno)
c:/st/stm32cubeide_1.6.1/stm32cubeide/plugins/com.st.stm32cube.ide.mcu.externaltools.gnu-tools-for-stm32.9-2020-q2-update.win32_1.5.0.202011040924/tools/bin/../lib/gcc/arm-none-eabi/9.3.1/../../../../arm-none-eabi/lib/thumb/v7e-m+fp/hard\libc_nano.a(lib_a-exit.o)
                              c:/st/stm32cubeide_1.6.1/stm32cubeide/plugins/com.st.stm32cube.ide.mcu.externaltools.gnu-tools-for-stm32.9-2020-q2-update.win32_1.5.0.202011040924/tools/bin/../lib/gcc/arm-none-eabi/9.3.1/../../../../arm-none-eabi/lib/thumb/v7e-m+fp/hard/crt0.o (exit)
c:/st/stm32cubeide_1.6.1/stm32cubeide/plugins/com.st.stm32cube.ide.mcu.externaltools.gnu-tools-for-stm32.9-2020-q2-update.win32_1.5.0.202011040924/tools/bin/../lib/gcc/arm-none-eabi/9.3.1/../../../../arm-none-eabi/lib/thumb/v7e-m+fp/hard\libc_nano.a(lib_a-impure.o)
                              c:/st/stm32cubeide_1.6.1/stm32cubeide/plugins/com.st.stm32cube.ide.mcu.externaltools.gnu-tools-for-stm32.9-2020-q2-update.win32_1.5.0.202011040924/tools/bin/../lib/gcc/arm-none-eabi/9.3.1/../../../../arm-none-eabi/lib/thumb/v7e-m+fp/hard\libc_nano.a(lib_a-exit.o) (_global_impure_ptr)
c:/st/stm32cubeide_1.6.1/stm32cubeide/plugins/com.st.stm32cube.ide.mcu.externaltools.gnu-tools-for-stm32.9-2020-q2-update.win32_1.5.0.202011040924/tools/bin/../lib/gcc/arm-none-eabi/9.3.1/../../../../arm-none-eabi/lib/thumb/v7e-m+fp/hard\libc_nano.a(lib_a-init.o)
                              c:/st/stm32cubeide_1.6.1/stm32cubeide/plugins/com.st.stm32cube.ide.mcu.externaltools.gnu-tools-for-stm32.9-2020-q2-update.win32_1.5.0.202011040924/tools/bin/../lib/gcc/arm-none-eabi/9.3.1/../../../../arm-none-eabi/lib/thumb/v7e-m+fp/hard/crt0.o (__libc_init_array)
c:/st/stm32cubeide_1.6.1/stm32cubeide/plugins/com.st.stm32cube.ide.mcu.externaltools.gnu-tools-for-stm32.9-2020-q2-update.win32_1.5.0.202011040924/tools/bin/../lib/gcc/arm-none-eabi/9.3.1/../../../../arm-none-eabi/lib/thumb/v7e-m+fp/hard\libc_nano.a(lib_a-memset.o)
                              c:/st/stm32cubeide_1.6.1/stm32cubeide/plugins/com.st.stm32cube.ide.mcu.externaltools.gnu-tools-for-stm32.9-2020-q2-update.win32_1.5.0.202011040924/tools/bin/../lib/gcc/arm-none-eabi/9.3.1/../../../../arm-none-eabi/lib/thumb/v7e-m+fp/hard/crt0.o (memset)

Allocating common symbols
Common symbol       size              file

data1               0x4               Core/Src/main.o
data2               0x4               Core/Src/main.o
data9               0x4               Core/Src/main.o
hi2c1               0x4c              Core/Src/SPS30.o
data4               0x4               Core/Src/main.o
data8               0x4               Core/Src/main.o
uwTick              0x4               Drivers/STM32L4xx_HAL_Driver/Src/stm32l4xx_hal.o
data3               0x4               Core/Src/main.o
s                   0x28              Core/Src/main.o
data7               0x4               Core/Src/main.o
data5               0x4               Core/Src/main.o
data10              0x4               Core/Src/main.o
data6               0x4               Core/Src/main.o

Discarded input sections

 .text          0x0000000000000000        0x0 c:/st/stm32cubeide_1.6.1/stm32cubeide/plugins/com.st.stm32cube.ide.mcu.externaltools.gnu-tools-for-stm32.9-2020-q2-update.win32_1.5.0.202011040924/tools/bin/../lib/gcc/arm-none-eabi/9.3.1/thumb/v7e-m+fp/hard/crti.o
 .data          0x0000000000000000        0x0 c:/st/stm32cubeide_1.6.1/stm32cubeide/plugins/com.st.stm32cube.ide.mcu.externaltools.gnu-tools-for-stm32.9-2020-q2-update.win32_1.5.0.202011040924/tools/bin/../lib/gcc/arm-none-eabi/9.3.1/thumb/v7e-m+fp/hard/crti.o
 .bss           0x0000000000000000        0x0 c:/st/stm32cubeide_1.6.1/stm32cubeide/plugins/com.st.stm32cube.ide.mcu.externaltools.gnu-tools-for-stm32.9-2020-q2-update.win32_1.5.0.202011040924/tools/bin/../lib/gcc/arm-none-eabi/9.3.1/thumb/v7e-m+fp/hard/crti.o
 .data          0x0000000000000000        0x4 c:/st/stm32cubeide_1.6.1/stm32cubeide/plugins/com.st.stm32cube.ide.mcu.externaltools.gnu-tools-for-stm32.9-2020-q2-update.win32_1.5.0.202011040924/tools/bin/../lib/gcc/arm-none-eabi/9.3.1/thumb/v7e-m+fp/hard/crtbegin.o
 .text          0x0000000000000000       0x7c c:/st/stm32cubeide_1.6.1/stm32cubeide/plugins/com.st.stm32cube.ide.mcu.externaltools.gnu-tools-for-stm32.9-2020-q2-update.win32_1.5.0.202011040924/tools/bin/../lib/gcc/arm-none-eabi/9.3.1/../../../../arm-none-eabi/lib/thumb/v7e-m+fp/hard/crt0.o
[...]
Memory Configuration

Name             Origin             Length             Attributes
RAM              0x0000000020000000 0x0000000000018000 xrw
RAM2             0x0000000010000000 0x0000000000008000 xrw
FLASH            0x0000000008000000 0x0000000000100000 xr
*default*        0x0000000000000000 0xffffffffffffffff

Linker script and memory map

LOAD c:/st/stm32cubeide_1.6.1/stm32cubeide/plugins/com.st.stm32cube.ide.mcu.externaltools.gnu-tools-for-stm32.9-2020-q2-update.win32_1.5.0.202011040924/tools/bin/../lib/gcc/arm-none-eabi/9.3.1/thumb/v7e-m+fp/hard/crti.o
LOAD c:/st/stm32cubeide_1.6.1/stm32cubeide/plugins/com.st.stm32cube.ide.mcu.externaltools.gnu-tools-for-stm32.9-2020-q2-update.win32_1.5.0.202011040924/tools/bin/../lib/gcc/arm-none-eabi/9.3.1/thumb/v7e-m+fp/hard/crtbegin.o
LOAD c:/st/stm32cubeide_1.6.1/stm32cubeide/plugins/com.st.stm32cube.ide.mcu.externaltools.gnu-tools-for-stm32.9-2020-q2-update.win32_1.5.0.202011040924/tools/bin/../lib/gcc/arm-none-eabi/9.3.1/../../../../arm-none-eabi/lib/thumb/v7e-m+fp/hard/crt0.o
LOAD Core/Src/SPS30.o
LOAD Core/Src/main.o
LOAD Core/Src/stm32l4xx_hal_msp.o
LOAD Core/Src/stm32l4xx_it.o
LOAD Core/Src/syscalls.o
LOAD Core/Src/sysmem.o
LOAD Core/Src/system_stm32l4xx.o
LOAD Core/Startup/startup_stm32l476rgtx.o
LOAD Drivers/STM32L4xx_HAL_Driver/Src/stm32l4xx_hal.o
LOAD Drivers/STM32L4xx_HAL_Driver/Src/stm32l4xx_hal_cortex.o
LOAD Drivers/STM32L4xx_HAL_Driver/Src/stm32l4xx_hal_dma.o
LOAD Drivers/STM32L4xx_HAL_Driver/Src/stm32l4xx_hal_dma_ex.o
LOAD Drivers/STM32L4xx_HAL_Driver/Src/stm32l4xx_hal_exti.o
LOAD Drivers/STM32L4xx_HAL_Driver/Src/stm32l4xx_hal_flash.o
LOAD Drivers/STM32L4xx_HAL_Driver/Src/stm32l4xx_hal_flash_ex.o
LOAD Drivers/STM32L4xx_HAL_Driver/Src/stm32l4xx_hal_flash_ramfunc.o
LOAD Drivers/STM32L4xx_HAL_Driver/Src/stm32l4xx_hal_gpio.o
LOAD Drivers/STM32L4xx_HAL_Driver/Src/stm32l4xx_hal_i2c.o
LOAD Drivers/STM32L4xx_HAL_Driver/Src/stm32l4xx_hal_i2c_ex.o
LOAD Drivers/STM32L4xx_HAL_Driver/Src/stm32l4xx_hal_pwr.o
LOAD Drivers/STM32L4xx_HAL_Driver/Src/stm32l4xx_hal_pwr_ex.o
LOAD Drivers/STM32L4xx_HAL_Driver/Src/stm32l4xx_hal_rcc.o
LOAD Drivers/STM32L4xx_HAL_Driver/Src/stm32l4xx_hal_rcc_ex.o
LOAD Drivers/STM32L4xx_HAL_Driver/Src/stm32l4xx_hal_tim.o
LOAD Drivers/STM32L4xx_HAL_Driver/Src/stm32l4xx_hal_tim_ex.o
START GROUP
LOAD c:/st/stm32cubeide_1.6.1/stm32cubeide/plugins/com.st.stm32cube.ide.mcu.externaltools.gnu-tools-for-stm32.9-2020-q2-update.win32_1.5.0.202011040924/tools/bin/../lib/gcc/arm-none-eabi/9.3.1/../../../../arm-none-eabi/lib/thumb/v7e-m+fp/hard\libc_nano.a
LOAD c:/st/stm32cubeide_1.6.1/stm32cubeide/plugins/com.st.stm32cube.ide.mcu.externaltools.gnu-tools-for-stm32.9-2020-q2-update.win32_1.5.0.202011040924/tools/bin/../lib/gcc/arm-none-eabi/9.3.1/../../../../arm-none-eabi/lib/thumb/v7e-m+fp/hard\libm.a
END GROUP
START GROUP
LOAD c:/st/stm32cubeide_1.6.1/stm32cubeide/plugins/com.st.stm32cube.ide.mcu.externaltools.gnu-tools-for-stm32.9-2020-q2-update.win32_1.5.0.202011040924/tools/bin/../lib/gcc/arm-none-eabi/9.3.1/thumb/v7e-m+fp/hard\libgcc.a
LOAD c:/st/stm32cubeide_1.6.1/stm32cubeide/plugins/com.st.stm32cube.ide.mcu.externaltools.gnu-tools-for-stm32.9-2020-q2-update.win32_1.5.0.202011040924/tools/bin/../lib/gcc/arm-none-eabi/9.3.1/../../../../arm-none-eabi/lib/thumb/v7e-m+fp/hard\libc_nano.a
END GROUP
START GROUP
LOAD c:/st/stm32cubeide_1.6.1/stm32cubeide/plugins/com.st.stm32cube.ide.mcu.externaltools.gnu-tools-for-stm32.9-2020-q2-update.win32_1.5.0.202011040924/tools/bin/../lib/gcc/arm-none-eabi/9.3.1/thumb/v7e-m+fp/hard\libgcc.a
LOAD c:/st/stm32cubeide_1.6.1/stm32cubeide/plugins/com.st.stm32cube.ide.mcu.externaltools.gnu-tools-for-stm32.9-2020-q2-update.win32_1.5.0.202011040924/tools/bin/../lib/gcc/arm-none-eabi/9.3.1/../../../../arm-none-eabi/lib/thumb/v7e-m+fp/hard\libc_nano.a
LOAD c:/st/stm32cubeide_1.6.1/stm32cubeide/plugins/com.st.stm32cube.ide.mcu.externaltools.gnu-tools-for-stm32.9-2020-q2-update.win32_1.5.0.202011040924/tools/bin/../lib/gcc/arm-none-eabi/9.3.1/../../../../arm-none-eabi/lib/thumb/v7e-m+fp/hard\libnosys.a
END GROUP
START GROUP
LOAD c:/st/stm32cubeide_1.6.1/stm32cubeide/plugins/com.st.stm32cube.ide.mcu.externaltools.gnu-tools-for-stm32.9-2020-q2-update.win32_1.5.0.202011040924/tools/bin/../lib/gcc/arm-none-eabi/9.3.1/thumb/v7e-m+fp/hard\libgcc.a
LOAD c:/st/stm32cubeide_1.6.1/stm32cubeide/plugins/com.st.stm32cube.ide.mcu.externaltools.gnu-tools-for-stm32.9-2020-q2-update.win32_1.5.0.202011040924/tools/bin/../lib/gcc/arm-none-eabi/9.3.1/../../../../arm-none-eabi/lib/thumb/v7e-m+fp/hard\libc_nano.a
LOAD c:/st/stm32cubeide_1.6.1/stm32cubeide/plugins/com.st.stm32cube.ide.mcu.externaltools.gnu-tools-for-stm32.9-2020-q2-update.win32_1.5.0.202011040924/tools/bin/../lib/gcc/arm-none-eabi/9.3.1/../../../../arm-none-eabi/lib/thumb/v7e-m+fp/hard\libnosys.a
END GROUP
LOAD c:/st/stm32cubeide_1.6.1/stm32cubeide/plugins/com.st.stm32cube.ide.mcu.externaltools.gnu-tools-for-stm32.9-2020-q2-update.win32_1.5.0.202011040924/tools/bin/../lib/gcc/arm-none-eabi/9.3.1/thumb/v7e-m+fp/hard/crtend.o
LOAD c:/st/stm32cubeide_1.6.1/stm32cubeide/plugins/com.st.stm32cube.ide.mcu.externaltools.gnu-tools-for-stm32.9-2020-q2-update.win32_1.5.0.202011040924/tools/bin/../lib/gcc/arm-none-eabi/9.3.1/thumb/v7e-m+fp/hard/crtn.o
                0x0000000020018000                _estack = (ORIGIN (RAM) + LENGTH (RAM))
                0x0000000000000200                _Min_Heap_Size = 0x200
                0x0000000000000400                _Min_Stack_Size = 0x400

.isr_vector     0x0000000008000000      0x188
                0x0000000008000000                . = ALIGN (0x4)
 *(.isr_vector)
 .isr_vector    0x0000000008000000      0x188 Core/Startup/startup_stm32l476rgtx.o
                0x0000000008000000                g_pfnVectors
                0x0000000008000188                . = ALIGN (0x4)

.text           0x0000000008000188     0x2d90
                0x0000000008000188                . = ALIGN (0x4)
 *(.text)
 .text          0x0000000008000188       0x40 c:/st/stm32cubeide_1.6.1/stm32cubeide/plugins/com.st.stm32cube.ide.mcu.externaltools.gnu-tools-for-stm32.9-2020-q2-update.win32_1.5.0.202011040924/tools/bin/../lib/gcc/arm-none-eabi/9.3.1/thumb/v7e-m+fp/hard/crtbegin.o
 *(.text*)
 .text.SPS30_startMeasurements
                0x00000000080001c8       0x38 Core/Src/SPS30.o
                0x00000000080001c8                SPS30_startMeasurements
 .text.SPS30_stopMeasurements
                0x0000000008000200       0x2c Core/Src/SPS30.o
                0x0000000008000200                SPS30_stopMeasurements
 .text.SPS30_sleep
                0x000000000800022c       0x2c Core/Src/SPS30.o
                0x000000000800022c                SPS30_sleep
 .text.SPS30_wakeUp
                0x0000000008000258       0x3c Core/Src/SPS30.o
                0x0000000008000258                SPS30_wakeUp
 .text.SPS30_readMeasurements
                0x0000000008000294      0x154 Core/Src/SPS30.o
                0x0000000008000294                SPS30_readMeasurements
 .text.main     0x00000000080003e8       0xfc Core/Src/main.o
                0x00000000080003e8                main
 .text.SystemClock_Config
                0x00000000080004e4       0xac Core/Src/main.o
                0x00000000080004e4                SystemClock_Config
 .text.MX_I2C1_Init
                0x0000000008000590       0x80 Core/Src/main.o
 .text.MX_GPIO_Init
                0x0000000008000610       0x60 Core/Src/main.o
 .text.Error_Handler
                0x0000000008000670        0xa Core/Src/main.o
                0x0000000008000670                Error_Handler
 *fill*         0x000000000800067a        0x2 
 .text.HAL_MspInit
                0x000000000800067c       0x48 Core/Src/stm32l4xx_hal_msp.o
                0x000000000800067c                HAL_MspInit
 .text.HAL_I2C_MspInit
                0x00000000080006c4       0xbc Core/Src/stm32l4xx_hal_msp.o
                0x00000000080006c4                HAL_I2C_MspInit
 .text.NMI_Handler
                0x0000000008000780        0x6 Core/Src/stm32l4xx_it.o
                0x0000000008000780                NMI_Handler
 .text.HardFault_Handler
                0x0000000008000786        0x6 Core/Src/stm32l4xx_it.o
                0x0000000008000786                HardFault_Handler
 .text.MemManage_Handler
                0x000000000800078c        0x6 Core/Src/stm32l4xx_it.o
                0x000000000800078c                MemManage_Handler
 .text.BusFault_Handler
                0x0000000008000792        0x6 Core/Src/stm32l4xx_it.o
                0x0000000008000792                BusFault_Handler
 .text.UsageFault_Handler
                0x0000000008000798        0x6 Core/Src/stm32l4xx_it.o
                0x0000000008000798                UsageFault_Handler
 .text.SVC_Handler
                0x000000000800079e        0xe Core/Src/stm32l4xx_it.o
                0x000000000800079e                SVC_Handler
 .text.DebugMon_Handler
                0x00000000080007ac        0xe Core/Src/stm32l4xx_it.o
                0x00000000080007ac                DebugMon_Handler
 .text.PendSV_Handler
                0x00000000080007ba        0xe Core/Src/stm32l4xx_it.o
                0x00000000080007ba                PendSV_Handler
 .text.SysTick_Handler
                0x00000000080007c8        0xc Core/Src/stm32l4xx_it.o
                0x00000000080007c8                SysTick_Handler
 .text.SystemInit
                0x00000000080007d4       0x64 Core/Src/system_stm32l4xx.o
                0x00000000080007d4                SystemInit
 .text.Reset_Handler
                0x0000000008000838       0x50 Core/Startup/startup_stm32l476rgtx.o
                0x0000000008000838                Reset_Handler
 .text.Default_Handler
                0x0000000008000888        0x2 Core/Startup/startup_stm32l476rgtx.o
                0x0000000008000888                RTC_Alarm_IRQHandler
                0x0000000008000888                EXTI2_IRQHandler
                0x0000000008000888                TIM8_TRG_COM_IRQHandler
                0x0000000008000888                TIM8_CC_IRQHandler
                0x0000000008000888                TIM1_CC_IRQHandler
                0x0000000008000888                TSC_IRQHandler
                0x0000000008000888                TAMP_STAMP_IRQHandler
                0x0000000008000888                EXTI3_IRQHandler
                0x0000000008000888                LPTIM2_IRQHandler
                0x0000000008000888                DFSDM1_FLT1_IRQHandler
                0x0000000008000888                I2C3_ER_IRQHandler
                0x0000000008000888                DFSDM1_FLT2_IRQHandler
                0x0000000008000888                EXTI0_IRQHandler
                0x0000000008000888                I2C2_EV_IRQHandler
                0x0000000008000888                CAN1_RX0_IRQHandler
                0x0000000008000888                FPU_IRQHandler
                0x0000000008000888                TIM1_UP_TIM16_IRQHandler
                0x0000000008000888                ADC1_2_IRQHandler
                0x0000000008000888                SPI1_IRQHandler
                0x0000000008000888                TIM6_DAC_IRQHandler
                0x0000000008000888                TIM8_UP_IRQHandler
                0x0000000008000888                DMA2_Channel2_IRQHandler
                0x0000000008000888                DMA1_Channel4_IRQHandler
                0x0000000008000888                SAI2_IRQHandler
                0x0000000008000888                DFSDM1_FLT3_IRQHandler
                0x0000000008000888                USART3_IRQHandler
                0x0000000008000888                DMA1_Channel7_IRQHandler
                0x0000000008000888                CAN1_RX1_IRQHandler
                0x0000000008000888                LCD_IRQHandler
                0x0000000008000888                UART5_IRQHandler
                0x0000000008000888                ADC3_IRQHandler
                0x0000000008000888                TIM4_IRQHandler
                0x0000000008000888                DMA2_Channel1_IRQHandler
                0x0000000008000888                QUADSPI_IRQHandler
                0x0000000008000888                I2C1_EV_IRQHandler
                0x0000000008000888                DMA1_Channel6_IRQHandler
                0x0000000008000888                UART4_IRQHandler
                0x0000000008000888                DMA2_Channel4_IRQHandler
                0x0000000008000888                TIM3_IRQHandler
                0x0000000008000888                RCC_IRQHandler
                0x0000000008000888                DMA1_Channel1_IRQHandler
                0x0000000008000888                Default_Handler
                0x0000000008000888                DMA2_Channel7_IRQHandler
                0x0000000008000888                EXTI15_10_IRQHandler
                0x0000000008000888                TIM7_IRQHandler
                0x0000000008000888                SDMMC1_IRQHandler
                0x0000000008000888                TIM5_IRQHandler
                0x0000000008000888                I2C3_EV_IRQHandler
                0x0000000008000888                EXTI9_5_IRQHandler
                0x0000000008000888                RTC_WKUP_IRQHandler
                0x0000000008000888                PVD_PVM_IRQHandler
                0x0000000008000888                SPI2_IRQHandler
                0x0000000008000888                CAN1_TX_IRQHandler
                0x0000000008000888                DMA2_Channel5_IRQHandler
                0x0000000008000888                DMA1_Channel5_IRQHandler
                0x0000000008000888                EXTI4_IRQHandler
                0x0000000008000888                RNG_IRQHandler
                0x0000000008000888                TIM1_TRG_COM_TIM17_IRQHandler
                0x0000000008000888                DMA1_Channel3_IRQHandler
                0x0000000008000888                COMP_IRQHandler
                0x0000000008000888                WWDG_IRQHandler
                0x0000000008000888                LPUART1_IRQHandler
                0x0000000008000888                DMA2_Channel6_IRQHandler
                0x0000000008000888                TIM2_IRQHandler
                0x0000000008000888                EXTI1_IRQHandler
                0x0000000008000888                USART2_IRQHandler
                0x0000000008000888                DFSDM1_FLT0_IRQHandler
                0x0000000008000888                I2C2_ER_IRQHandler
                0x0000000008000888                DMA1_Channel2_IRQHandler
                0x0000000008000888                TIM8_BRK_IRQHandler
                0x0000000008000888                CAN1_SCE_IRQHandler
                0x0000000008000888                FLASH_IRQHandler
                0x0000000008000888                USART1_IRQHandler
                0x0000000008000888                OTG_FS_IRQHandler
                0x0000000008000888                SPI3_IRQHandler
                0x0000000008000888                I2C1_ER_IRQHandler
                0x0000000008000888                FMC_IRQHandler
                0x0000000008000888                SWPMI1_IRQHandler
                0x0000000008000888                LPTIM1_IRQHandler
                0x0000000008000888                SAI1_IRQHandler
                0x0000000008000888                DMA2_Channel3_IRQHandler
                0x0000000008000888                TIM1_BRK_TIM15_IRQHandler
 .text.HAL_Init
                0x000000000800088a       0x30 Drivers/STM32L4xx_HAL_Driver/Src/stm32l4xx_hal.o
                0x000000000800088a                HAL_Init
 *fill*         0x00000000080008ba        0x2 
 .text.HAL_InitTick
                0x00000000080008bc       0x78 Drivers/STM32L4xx_HAL_Driver/Src/stm32l4xx_hal.o
                0x00000000080008bc                HAL_InitTick
 .text.HAL_IncTick
                0x0000000008000934       0x28 Drivers/STM32L4xx_HAL_Driver/Src/stm32l4xx_hal.o
                0x0000000008000934                HAL_IncTick
 .text.HAL_GetTick
                0x000000000800095c       0x18 Drivers/STM32L4xx_HAL_Driver/Src/stm32l4xx_hal.o
                0x000000000800095c                HAL_GetTick
 .text.HAL_Delay
                0x0000000008000974       0x48 Drivers/STM32L4xx_HAL_Driver/Src/stm32l4xx_hal.o
                0x0000000008000974                HAL_Delay
 .text.__NVIC_SetPriorityGrouping
                0x00000000080009bc       0x48 Drivers/STM32L4xx_HAL_Driver/Src/stm32l4xx_hal_cortex.o
 .text.__NVIC_GetPriorityGrouping
                0x0000000008000a04       0x1c Drivers/STM32L4xx_HAL_Driver/Src/stm32l4xx_hal_cortex.o
 .text.__NVIC_SetPriority
                0x0000000008000a20       0x54 Drivers/STM32L4xx_HAL_Driver/Src/stm32l4xx_hal_cortex.o
 .text.NVIC_EncodePriority
                0x0000000008000a74       0x66 Drivers/STM32L4xx_HAL_Driver/Src/stm32l4xx_hal_cortex.o
 *fill*         0x0000000008000ada        0x2 
 .text.SysTick_Config
                0x0000000008000adc       0x44 Drivers/STM32L4xx_HAL_Driver/Src/stm32l4xx_hal_cortex.o
 .text.HAL_NVIC_SetPriorityGrouping
                0x0000000008000b20       0x16 Drivers/STM32L4xx_HAL_Driver/Src/stm32l4xx_hal_cortex.o
                0x0000000008000b20                HAL_NVIC_SetPriorityGrouping
 .text.HAL_NVIC_SetPriority
                0x0000000008000b36       0x38 Drivers/STM32L4xx_HAL_Driver/Src/stm32l4xx_hal_cortex.o
                0x0000000008000b36                HAL_NVIC_SetPriority
 .text.HAL_SYSTICK_Config
                0x0000000008000b6e       0x18 Drivers/STM32L4xx_HAL_Driver/Src/stm32l4xx_hal_cortex.o
                0x0000000008000b6e                HAL_SYSTICK_Config
 *fill*         0x0000000008000b86        0x2 
 .text.HAL_GPIO_Init
                0x0000000008000b88      0x354 Drivers/STM32L4xx_HAL_Driver/Src/stm32l4xx_hal_gpio.o
                0x0000000008000b88                HAL_GPIO_Init
 .text.HAL_I2C_Init
                0x0000000008000edc      0x11e Drivers/STM32L4xx_HAL_Driver/Src/stm32l4xx_hal_i2c.o
                0x0000000008000edc                HAL_I2C_Init
 *fill*         0x0000000008000ffa        0x2 
 .text.HAL_I2C_Master_Transmit
                0x0000000008000ffc      0x1e8 Drivers/STM32L4xx_HAL_Driver/Src/stm32l4xx_hal_i2c.o
                0x0000000008000ffc                HAL_I2C_Master_Transmit
 .text.HAL_I2C_Master_Receive
                0x00000000080011e4      0x1ec Drivers/STM32L4xx_HAL_Driver/Src/stm32l4xx_hal_i2c.o
                0x00000000080011e4                HAL_I2C_Master_Receive
 .text.I2C_Flush_TXDR
                0x00000000080013d0       0x48 Drivers/STM32L4xx_HAL_Driver/Src/stm32l4xx_hal_i2c.o
 .text.I2C_WaitOnFlagUntilTimeout
                0x0000000008001418       0x80 Drivers/STM32L4xx_HAL_Driver/Src/stm32l4xx_hal_i2c.o
 .text.I2C_WaitOnTXISFlagUntilTimeout
                0x0000000008001498       0x80 Drivers/STM32L4xx_HAL_Driver/Src/stm32l4xx_hal_i2c.o
 .text.I2C_WaitOnSTOPFlagUntilTimeout
                0x0000000008001518       0x78 Drivers/STM32L4xx_HAL_Driver/Src/stm32l4xx_hal_i2c.o
 .text.I2C_WaitOnRXNEFlagUntilTimeout
                0x0000000008001590       0xd8 Drivers/STM32L4xx_HAL_Driver/Src/stm32l4xx_hal_i2c.o
 .text.I2C_IsAcknowledgeFailed
                0x0000000008001668       0xcc Drivers/STM32L4xx_HAL_Driver/Src/stm32l4xx_hal_i2c.o
 .text.I2C_TransferConfig
                0x0000000008001734       0x5c Drivers/STM32L4xx_HAL_Driver/Src/stm32l4xx_hal_i2c.o
 .text.HAL_I2CEx_ConfigAnalogFilter
                0x0000000008001790       0x96 Drivers/STM32L4xx_HAL_Driver/Src/stm32l4xx_hal_i2c_ex.o
                0x0000000008001790                HAL_I2CEx_ConfigAnalogFilter
 .text.HAL_I2CEx_ConfigDigitalFilter
                0x0000000008001826       0x98 Drivers/STM32L4xx_HAL_Driver/Src/stm32l4xx_hal_i2c_ex.o
                0x0000000008001826                HAL_I2CEx_ConfigDigitalFilter
 *fill*         0x00000000080018be        0x2 
 .text.HAL_PWR_EnableBkUpAccess
                0x00000000080018c0       0x20 Drivers/STM32L4xx_HAL_Driver/Src/stm32l4xx_hal_pwr.o
                0x00000000080018c0                HAL_PWR_EnableBkUpAccess
 .text.HAL_PWREx_GetVoltageRange
                0x00000000080018e0       0x1c Drivers/STM32L4xx_HAL_Driver/Src/stm32l4xx_hal_pwr_ex.o
                0x00000000080018e0                HAL_PWREx_GetVoltageRange
 .text.HAL_PWREx_ControlVoltageScaling
                0x00000000080018fc       0xac Drivers/STM32L4xx_HAL_Driver/Src/stm32l4xx_hal_pwr_ex.o
                0x00000000080018fc                HAL_PWREx_ControlVoltageScaling
 .text.HAL_RCC_OscConfig
                0x00000000080019a8      0x7cc Drivers/STM32L4xx_HAL_Driver/Src/stm32l4xx_hal_rcc.o
                0x00000000080019a8                HAL_RCC_OscConfig
 .text.HAL_RCC_ClockConfig
                0x0000000008002174      0x1c4 Drivers/STM32L4xx_HAL_Driver/Src/stm32l4xx_hal_rcc.o
                0x0000000008002174                HAL_RCC_ClockConfig
 .text.HAL_RCC_GetSysClockFreq
                0x0000000008002338      0x118 Drivers/STM32L4xx_HAL_Driver/Src/stm32l4xx_hal_rcc.o
                0x0000000008002338                HAL_RCC_GetSysClockFreq
 .text.RCC_SetFlashLatencyFromMSIRange
                0x0000000008002450       0xc0 Drivers/STM32L4xx_HAL_Driver/Src/stm32l4xx_hal_rcc.o
 .text.HAL_RCCEx_PeriphCLKConfig
                0x0000000008002510      0x5d4 Drivers/STM32L4xx_HAL_Driver/Src/stm32l4xx_hal_rcc_ex.o
                0x0000000008002510                HAL_RCCEx_PeriphCLKConfig
 .text.HAL_RCCEx_EnableMSIPLLMode
                0x0000000008002ae4       0x20 Drivers/STM32L4xx_HAL_Driver/Src/stm32l4xx_hal_rcc_ex.o
                0x0000000008002ae4                HAL_RCCEx_EnableMSIPLLMode
 .text.RCCEx_PLLSAI1_Config
                0x0000000008002b04      0x1e8 Drivers/STM32L4xx_HAL_Driver/Src/stm32l4xx_hal_rcc_ex.o
 .text.RCCEx_PLLSAI2_Config
                0x0000000008002cec      0x1bc Drivers/STM32L4xx_HAL_Driver/Src/stm32l4xx_hal_rcc_ex.o
 .text.__libc_init_array
                0x0000000008002ea8       0x48 c:/st/stm32cubeide_1.6.1/stm32cubeide/plugins/com.st.stm32cube.ide.mcu.externaltools.gnu-tools-for-stm32.9-2020-q2-update.win32_1.5.0.202011040924/tools/bin/../lib/gcc/arm-none-eabi/9.3.1/../../../../arm-none-eabi/lib/thumb/v7e-m+fp/hard\libc_nano.a(lib_a-init.o)
                0x0000000008002ea8                __libc_init_array
 .text.memset   0x0000000008002ef0       0x10 c:/st/stm32cubeide_1.6.1/stm32cubeide/plugins/com.st.stm32cube.ide.mcu.externaltools.gnu-tools-for-stm32.9-2020-q2-update.win32_1.5.0.202011040924/tools/bin/../lib/gcc/arm-none-eabi/9.3.1/../../../../arm-none-eabi/lib/thumb/v7e-m+fp/hard\libc_nano.a(lib_a-memset.o)
                0x0000000008002ef0                memset
 *(.glue_7)
 .glue_7        0x0000000008002f00        0x0 linker stubs
 *(.glue_7t)
 .glue_7t       0x0000000008002f00        0x0 linker stubs
 *(.eh_frame)
 .eh_frame      0x0000000008002f00        0x0 c:/st/stm32cubeide_1.6.1/stm32cubeide/plugins/com.st.stm32cube.ide.mcu.externaltools.gnu-tools-for-stm32.9-2020-q2-update.win32_1.5.0.202011040924/tools/bin/../lib/gcc/arm-none-eabi/9.3.1/thumb/v7e-m+fp/hard/crtbegin.o
 *(.init)
 .init          0x0000000008002f00        0x4 c:/st/stm32cubeide_1.6.1/stm32cubeide/plugins/com.st.stm32cube.ide.mcu.externaltools.gnu-tools-for-stm32.9-2020-q2-update.win32_1.5.0.202011040924/tools/bin/../lib/gcc/arm-none-eabi/9.3.1/thumb/v7e-m+fp/hard/crti.o
                0x0000000008002f00                _init
 .init          0x0000000008002f04        0x8 c:/st/stm32cubeide_1.6.1/stm32cubeide/plugins/com.st.stm32cube.ide.mcu.externaltools.gnu-tools-for-stm32.9-2020-q2-update.win32_1.5.0.202011040924/tools/bin/../lib/gcc/arm-none-eabi/9.3.1/thumb/v7e-m+fp/hard/crtn.o
 *(.fini)
 .fini          0x0000000008002f0c        0x4 c:/st/stm32cubeide_1.6.1/stm32cubeide/plugins/com.st.stm32cube.ide.mcu.externaltools.gnu-tools-for-stm32.9-2020-q2-update.win32_1.5.0.202011040924/tools/bin/../lib/gcc/arm-none-eabi/9.3.1/thumb/v7e-m+fp/hard/crti.o
                0x0000000008002f0c                _fini
 .fini          0x0000000008002f10        0x8 c:/st/stm32cubeide_1.6.1/stm32cubeide/plugins/com.st.stm32cube.ide.mcu.externaltools.gnu-tools-for-stm32.9-2020-q2-update.win32_1.5.0.202011040924/tools/bin/../lib/gcc/arm-none-eabi/9.3.1/thumb/v7e-m+fp/hard/crtn.o
                0x0000000008002f18                . = ALIGN (0x4)
                0x0000000008002f18                _etext = .

.vfp11_veneer   0x0000000008002f18        0x0
 .vfp11_veneer  0x0000000008002f18        0x0 linker stubs

.v4_bx          0x0000000008002f18        0x0
 .v4_bx         0x0000000008002f18        0x0 linker stubs

.iplt           0x0000000008002f18        0x0
 .iplt          0x0000000008002f18        0x0 c:/st/stm32cubeide_1.6.1/stm32cubeide/plugins/com.st.stm32cube.ide.mcu.externaltools.gnu-tools-for-stm32.9-2020-q2-update.win32_1.5.0.202011040924/tools/bin/../lib/gcc/arm-none-eabi/9.3.1/thumb/v7e-m+fp/hard/crtbegin.o

.rodata         0x0000000008002f18       0x40
                0x0000000008002f18                . = ALIGN (0x4)
 *(.rodata)
 *(.rodata*)
 .rodata.AHBPrescTable
                0x0000000008002f18       0x10 Core/Src/system_stm32l4xx.o
                0x0000000008002f18                AHBPrescTable
 .rodata.MSIRangeTable
                0x0000000008002f28       0x30 Core/Src/system_stm32l4xx.o
                0x0000000008002f28                MSIRangeTable
                0x0000000008002f58                . = ALIGN (0x4)

.rel.dyn        0x0000000008002f58        0x0
 .rel.iplt      0x0000000008002f58        0x0 c:/st/stm32cubeide_1.6.1/stm32cubeide/plugins/com.st.stm32cube.ide.mcu.externaltools.gnu-tools-for-stm32.9-2020-q2-update.win32_1.5.0.202011040924/tools/bin/../lib/gcc/arm-none-eabi/9.3.1/thumb/v7e-m+fp/hard/crtbegin.o

.ARM.extab      0x0000000008002f58        0x0
                0x0000000008002f58                . = ALIGN (0x4)
 *(.ARM.extab* .gnu.linkonce.armextab.*)
                0x0000000008002f58                . = ALIGN (0x4)

.ARM            0x0000000008002f58        0x0
                0x0000000008002f58                . = ALIGN (0x4)
                0x0000000008002f58                __exidx_start = .
 *(.ARM.exidx*)
                0x0000000008002f58                __exidx_end = .
                0x0000000008002f58                . = ALIGN (0x4)

.preinit_array  0x0000000008002f58        0x0
                0x0000000008002f58                . = ALIGN (0x4)
                0x0000000008002f58                PROVIDE (__preinit_array_start = .)
 *(.preinit_array*)
                0x0000000008002f58                PROVIDE (__preinit_array_end = .)
                0x0000000008002f58                . = ALIGN (0x4)

.init_array     0x0000000008002f58        0x4
                0x0000000008002f58                . = ALIGN (0x4)
                0x0000000008002f58                PROVIDE (__init_array_start = .)
 *(SORT_BY_NAME(.init_array.*))
 *(.init_array*)
 .init_array    0x0000000008002f58        0x4 c:/st/stm32cubeide_1.6.1/stm32cubeide/plugins/com.st.stm32cube.ide.mcu.externaltools.gnu-tools-for-stm32.9-2020-q2-update.win32_1.5.0.202011040924/tools/bin/../lib/gcc/arm-none-eabi/9.3.1/thumb/v7e-m+fp/hard/crtbegin.o
                0x0000000008002f5c                PROVIDE (__init_array_end = .)
                0x0000000008002f5c                . = ALIGN (0x4)

.fini_array     0x0000000008002f5c        0x4
                0x0000000008002f5c                . = ALIGN (0x4)
                [!provide]                        PROVIDE (__fini_array_start = .)
 *(SORT_BY_NAME(.fini_array.*))
 *(.fini_array*)
 .fini_array    0x0000000008002f5c        0x4 c:/st/stm32cubeide_1.6.1/stm32cubeide/plugins/com.st.stm32cube.ide.mcu.externaltools.gnu-tools-for-stm32.9-2020-q2-update.win32_1.5.0.202011040924/tools/bin/../lib/gcc/arm-none-eabi/9.3.1/thumb/v7e-m+fp/hard/crtbegin.o
                [!provide]                        PROVIDE (__fini_array_end = .)
                0x0000000008002f60                . = ALIGN (0x4)
                0x0000000008002f60                _sidata = LOADADDR (.data)

.data           0x0000000020000000        0xc load address 0x0000000008002f60
                0x0000000020000000                . = ALIGN (0x4)
                0x0000000020000000                _sdata = .
 *(.data)
 *(.data*)
 .data.SystemCoreClock
                0x0000000020000000        0x4 Core/Src/system_stm32l4xx.o
                0x0000000020000000                SystemCoreClock
 .data.uwTickPrio
                0x0000000020000004        0x4 Drivers/STM32L4xx_HAL_Driver/Src/stm32l4xx_hal.o
                0x0000000020000004                uwTickPrio
 .data.uwTickFreq
                0x0000000020000008        0x1 Drivers/STM32L4xx_HAL_Driver/Src/stm32l4xx_hal.o
                0x0000000020000008                uwTickFreq
 *(.RamFunc)
 *(.RamFunc*)
                0x000000002000000c                . = ALIGN (0x4)
 *fill*         0x0000000020000009        0x3 
                0x000000002000000c                _edata = .

.igot.plt       0x000000002000000c        0x0 load address 0x0000000008002f6c
 .igot.plt      0x000000002000000c        0x0 c:/st/stm32cubeide_1.6.1/stm32cubeide/plugins/com.st.stm32cube.ide.mcu.externaltools.gnu-tools-for-stm32.9-2020-q2-update.win32_1.5.0.202011040924/tools/bin/../lib/gcc/arm-none-eabi/9.3.1/thumb/v7e-m+fp/hard/crtbegin.o
                0x000000002000000c                . = ALIGN (0x4)

.bss            0x000000002000000c       0xbc load address 0x0000000008002f6c
                0x000000002000000c                _sbss = .
                0x000000002000000c                __bss_start__ = _sbss
 *(.bss)
 .bss           0x000000002000000c       0x1c c:/st/stm32cubeide_1.6.1/stm32cubeide/plugins/com.st.stm32cube.ide.mcu.externaltools.gnu-tools-for-stm32.9-2020-q2-update.win32_1.5.0.202011040924/tools/bin/../lib/gcc/arm-none-eabi/9.3.1/thumb/v7e-m+fp/hard/crtbegin.o
 *(.bss*)
 *(COMMON)
 COMMON         0x0000000020000028       0x4c Core/Src/SPS30.o
                0x0000000020000028                hi2c1
 COMMON         0x0000000020000074       0x50 Core/Src/main.o
                0x0000000020000074                data1
                0x0000000020000078                data2
                0x000000002000007c                data9
                0x0000000020000080                data4
                0x0000000020000084                data8
                0x0000000020000088                data3
                0x000000002000008c                s
                0x00000000200000b4                data7
                0x00000000200000b8                data5
                0x00000000200000bc                data10
                0x00000000200000c0                data6
 COMMON         0x00000000200000c4        0x4 Drivers/STM32L4xx_HAL_Driver/Src/stm32l4xx_hal.o
                0x00000000200000c4                uwTick
                0x00000000200000c8                . = ALIGN (0x4)
                0x00000000200000c8                _ebss = .
                0x00000000200000c8                __bss_end__ = _ebss

._user_heap_stack
                0x00000000200000c8      0x600 load address 0x0000000008002f6c
                0x00000000200000c8                . = ALIGN (0x8)
                [!provide]                        PROVIDE (end = .)
                0x00000000200000c8                PROVIDE (_end = .)
                0x00000000200002c8                . = (. + _Min_Heap_Size)
 *fill*         0x00000000200000c8      0x200 
                0x00000000200006c8                . = (. + _Min_Stack_Size)
 *fill*         0x00000000200002c8      0x400 
                0x00000000200006c8                . = ALIGN (0x8)

/DISCARD/
 libc.a(*)
 libm.a(*)
 libgcc.a(*)

.ARM.attributes
                0x0000000000000000       0x30
 *(.ARM.attributes)
 .ARM.attributes
                0x0000000000000000       0x1e c:/st/stm32cubeide_1.6.1/stm32cubeide/plugins/com.st.stm32cube.ide.mcu.externaltools.gnu-tools-for-stm32.9-2020-q2-update.win32_1.5.0.202011040924/tools/bin/../lib/gcc/arm-none-eabi/9.3.1/thumb/v7e-m+fp/hard/crti.o
 .ARM.attributes
                0x000000000000001e       0x34 c:/st/stm32cubeide_1.6.1/stm32cubeide/plugins/com.st.stm32cube.ide.mcu.externaltools.gnu-tools-for-stm32.9-2020-q2-update.win32_1.5.0.202011040924/tools/bin/../lib/gcc/arm-none-eabi/9.3.1/thumb/v7e-m+fp/hard/crtbegin.o
 .ARM.attributes
                0x0000000000000052       0x34 Core/Src/SPS30.o
 .ARM.attributes
                0x0000000000000086       0x34 Core/Src/main.o
 .ARM.attributes
                0x00000000000000ba       0x34 Core/Src/stm32l4xx_hal_msp.o
 .ARM.attributes
                0x00000000000000ee       0x34 Core/Src/stm32l4xx_it.o
 .ARM.attributes
                0x0000000000000122       0x34 Core/Src/system_stm32l4xx.o
 .ARM.attributes
                0x0000000000000156       0x21 Core/Startup/startup_stm32l476rgtx.o
 .ARM.attributes
                0x0000000000000177       0x34 Drivers/STM32L4xx_HAL_Driver/Src/stm32l4xx_hal.o
 .ARM.attributes
                0x00000000000001ab       0x34 Drivers/STM32L4xx_HAL_Driver/Src/stm32l4xx_hal_cortex.o
 .ARM.attributes
                0x00000000000001df       0x34 Drivers/STM32L4xx_HAL_Driver/Src/stm32l4xx_hal_gpio.o
 .ARM.attributes
                0x0000000000000213       0x34 Drivers/STM32L4xx_HAL_Driver/Src/stm32l4xx_hal_i2c.o
 .ARM.attributes
                0x0000000000000247       0x34 Drivers/STM32L4xx_HAL_Driver/Src/stm32l4xx_hal_i2c_ex.o
 .ARM.attributes
                0x000000000000027b       0x34 Drivers/STM32L4xx_HAL_Driver/Src/stm32l4xx_hal_pwr.o
 .ARM.attributes
                0x00000000000002af       0x34 Drivers/STM32L4xx_HAL_Driver/Src/stm32l4xx_hal_pwr_ex.o
 .ARM.attributes
                0x00000000000002e3       0x34 Drivers/STM32L4xx_HAL_Driver/Src/stm32l4xx_hal_rcc.o
 .ARM.attributes
                0x0000000000000317       0x34 Drivers/STM32L4xx_HAL_Driver/Src/stm32l4xx_hal_rcc_ex.o
 .ARM.attributes
                0x000000000000034b       0x34 c:/st/stm32cubeide_1.6.1/stm32cubeide/plugins/com.st.stm32cube.ide.mcu.externaltools.gnu-tools-for-stm32.9-2020-q2-update.win32_1.5.0.202011040924/tools/bin/../lib/gcc/arm-none-eabi/9.3.1/../../../../arm-none-eabi/lib/thumb/v7e-m+fp/hard\libc_nano.a(lib_a-init.o)
 .ARM.attributes
                0x000000000000037f       0x34 c:/st/stm32cubeide_1.6.1/stm32cubeide/plugins/com.st.stm32cube.ide.mcu.externaltools.gnu-tools-for-stm32.9-2020-q2-update.win32_1.5.0.202011040924/tools/bin/../lib/gcc/arm-none-eabi/9.3.1/../../../../arm-none-eabi/lib/thumb/v7e-m+fp/hard\libc_nano.a(lib_a-memset.o)
 .ARM.attributes
                0x00000000000003b3       0x1e c:/st/stm32cubeide_1.6.1/stm32cubeide/plugins/com.st.stm32cube.ide.mcu.externaltools.gnu-tools-for-stm32.9-2020-q2-update.win32_1.5.0.202011040924/tools/bin/../lib/gcc/arm-none-eabi/9.3.1/thumb/v7e-m+fp/hard/crtn.o
OUTPUT(L476_SPS30.elf elf32-littlearm)
LOAD linker stubs
LOAD c:/st/stm32cubeide_1.6.1/stm32cubeide/plugins/com.st.stm32cube.ide.mcu.externaltools.gnu-tools-for-stm32.9-2020-q2-update.win32_1.5.0.202011040924/tools/bin/../lib/gcc/arm-none-eabi/9.3.1/../../../../arm-none-eabi/lib/thumb/v7e-m+fp/hard\libc.a
LOAD c:/st/stm32cubeide_1.6.1/stm32cubeide/plugins/com.st.stm32cube.ide.mcu.externaltools.gnu-tools-for-stm32.9-2020-q2-update.win32_1.5.0.202011040924/tools/bin/../lib/gcc/arm-none-eabi/9.3.1/../../../../arm-none-eabi/lib/thumb/v7e-m+fp/hard\libm.a
LOAD c:/st/stm32cubeide_1.6.1/stm32cubeide/plugins/com.st.stm32cube.ide.mcu.externaltools.gnu-tools-for-stm32.9-2020-q2-update.win32_1.5.0.202011040924/tools/bin/../lib/gcc/arm-none-eabi/9.3.1/thumb/v7e-m+fp/hard\libgcc.a

.debug_info     0x0000000000000000     0xbd66
 .debug_info    0x0000000000000000      0xa17 Core/Src/SPS30.o
 .debug_info    0x0000000000000a17      0xe10 Core/Src/main.o
 .debug_info    0x0000000000001827      0xe68 Core/Src/stm32l4xx_hal_msp.o
 .debug_info    0x000000000000268f      0x373 Core/Src/stm32l4xx_it.o
 .debug_info    0x0000000000002a02      0x779 Core/Src/system_stm32l4xx.o
 .debug_info    0x000000000000317b       0x22 Core/Startup/startup_stm32l476rgtx.o
 .debug_info    0x000000000000319d      0xcb9 Drivers/STM32L4xx_HAL_Driver/Src/stm32l4xx_hal.o
 .debug_info    0x0000000000003e56     0x102e Drivers/STM32L4xx_HAL_Driver/Src/stm32l4xx_hal_cortex.o
 .debug_info    0x0000000000004e84      0xa5f Drivers/STM32L4xx_HAL_Driver/Src/stm32l4xx_hal_gpio.o
 .debug_info    0x00000000000058e3     0x22fd Drivers/STM32L4xx_HAL_Driver/Src/stm32l4xx_hal_i2c.o
 .debug_info    0x0000000000007be0      0xc29 Drivers/STM32L4xx_HAL_Driver/Src/stm32l4xx_hal_i2c_ex.o
 .debug_info    0x0000000000008809      0xb39 Drivers/STM32L4xx_HAL_Driver/Src/stm32l4xx_hal_pwr.o
 .debug_info    0x0000000000009342      0xbda Drivers/STM32L4xx_HAL_Driver/Src/stm32l4xx_hal_pwr_ex.o
 .debug_info    0x0000000000009f1c      0xe0b Drivers/STM32L4xx_HAL_Driver/Src/stm32l4xx_hal_rcc.o
 .debug_info    0x000000000000ad27     0x103f Drivers/STM32L4xx_HAL_Driver/Src/stm32l4xx_hal_rcc_ex.o

.debug_abbrev   0x0000000000000000     0x1c16
 .debug_abbrev  0x0000000000000000      0x1ae Core/Src/SPS30.o
 .debug_abbrev  0x00000000000001ae      0x24f Core/Src/main.o
 .debug_abbrev  0x00000000000003fd      0x1b7 Core/Src/stm32l4xx_hal_msp.o
 .debug_abbrev  0x00000000000005b4       0xf2 Core/Src/stm32l4xx_it.o
 .debug_abbrev  0x00000000000006a6      0x165 Core/Src/system_stm32l4xx.o
 .debug_abbrev  0x000000000000080b       0x12 Core/Startup/startup_stm32l476rgtx.o
 .debug_abbrev  0x000000000000081d      0x227 Drivers/STM32L4xx_HAL_Driver/Src/stm32l4xx_hal.o
 .debug_abbrev  0x0000000000000a44      0x33c Drivers/STM32L4xx_HAL_Driver/Src/stm32l4xx_hal_cortex.o
 .debug_abbrev  0x0000000000000d80      0x1e8 Drivers/STM32L4xx_HAL_Driver/Src/stm32l4xx_hal_gpio.o
 .debug_abbrev  0x0000000000000f68      0x256 Drivers/STM32L4xx_HAL_Driver/Src/stm32l4xx_hal_i2c.o
 .debug_abbrev  0x00000000000011be      0x1dd Drivers/STM32L4xx_HAL_Driver/Src/stm32l4xx_hal_i2c_ex.o
 .debug_abbrev  0x000000000000139b      0x1ab Drivers/STM32L4xx_HAL_Driver/Src/stm32l4xx_hal_pwr.o
 .debug_abbrev  0x0000000000001546      0x1f3 Drivers/STM32L4xx_HAL_Driver/Src/stm32l4xx_hal_pwr_ex.o
 .debug_abbrev  0x0000000000001739      0x275 Drivers/STM32L4xx_HAL_Driver/Src/stm32l4xx_hal_rcc.o
 .debug_abbrev  0x00000000000019ae      0x268 Drivers/STM32L4xx_HAL_Driver/Src/stm32l4xx_hal_rcc_ex.o

.debug_aranges  0x0000000000000000      0xa10
 .debug_aranges
                0x0000000000000000       0x48 Core/Src/SPS30.o
 .debug_aranges
                0x0000000000000048       0x40 Core/Src/main.o
 .debug_aranges
                0x0000000000000088       0x30 Core/Src/stm32l4xx_hal_msp.o
 .debug_aranges
                0x00000000000000b8       0x60 Core/Src/stm32l4xx_it.o
 .debug_aranges
                0x0000000000000118       0x28 Core/Src/system_stm32l4xx.o
 .debug_aranges
                0x0000000000000140       0x28 Core/Startup/startup_stm32l476rgtx.o
 .debug_aranges
                0x0000000000000168      0x130 Drivers/STM32L4xx_HAL_Driver/Src/stm32l4xx_hal.o
 .debug_aranges
                0x0000000000000298      0x118 Drivers/STM32L4xx_HAL_Driver/Src/stm32l4xx_hal_cortex.o
 .debug_aranges
                0x00000000000003b0       0x58 Drivers/STM32L4xx_HAL_Driver/Src/stm32l4xx_hal_gpio.o
 .debug_aranges
                0x0000000000000408      0x290 Drivers/STM32L4xx_HAL_Driver/Src/stm32l4xx_hal_i2c.o
 .debug_aranges
                0x0000000000000698       0x48 Drivers/STM32L4xx_HAL_Driver/Src/stm32l4xx_hal_i2c_ex.o
 .debug_aranges
                0x00000000000006e0       0x98 Drivers/STM32L4xx_HAL_Driver/Src/stm32l4xx_hal_pwr.o
 .debug_aranges
                0x0000000000000778      0x150 Drivers/STM32L4xx_HAL_Driver/Src/stm32l4xx_hal_pwr_ex.o
 .debug_aranges
                0x00000000000008c8       0x88 Drivers/STM32L4xx_HAL_Driver/Src/stm32l4xx_hal_rcc.o
 .debug_aranges
                0x0000000000000950       0xc0 Drivers/STM32L4xx_HAL_Driver/Src/stm32l4xx_hal_rcc_ex.o

.debug_ranges   0x0000000000000000      0x928
 .debug_ranges  0x0000000000000000       0x38 Core/Src/SPS30.o
 .debug_ranges  0x0000000000000038       0x30 Core/Src/main.o
 .debug_ranges  0x0000000000000068       0x20 Core/Src/stm32l4xx_hal_msp.o
 .debug_ranges  0x0000000000000088       0x50 Core/Src/stm32l4xx_it.o
 .debug_ranges  0x00000000000000d8       0x18 Core/Src/system_stm32l4xx.o
 .debug_ranges  0x00000000000000f0       0x20 Core/Startup/startup_stm32l476rgtx.o
 .debug_ranges  0x0000000000000110      0x120 Drivers/STM32L4xx_HAL_Driver/Src/stm32l4xx_hal.o
 .debug_ranges  0x0000000000000230      0x108 Drivers/STM32L4xx_HAL_Driver/Src/stm32l4xx_hal_cortex.o
 .debug_ranges  0x0000000000000338       0x48 Drivers/STM32L4xx_HAL_Driver/Src/stm32l4xx_hal_gpio.o
 .debug_ranges  0x0000000000000380      0x280 Drivers/STM32L4xx_HAL_Driver/Src/stm32l4xx_hal_i2c.o
 .debug_ranges  0x0000000000000600       0x38 Drivers/STM32L4xx_HAL_Driver/Src/stm32l4xx_hal_i2c_ex.o
 .debug_ranges  0x0000000000000638       0x88 Drivers/STM32L4xx_HAL_Driver/Src/stm32l4xx_hal_pwr.o
 .debug_ranges  0x00000000000006c0      0x140 Drivers/STM32L4xx_HAL_Driver/Src/stm32l4xx_hal_pwr_ex.o
 .debug_ranges  0x0000000000000800       0x78 Drivers/STM32L4xx_HAL_Driver/Src/stm32l4xx_hal_rcc.o
 .debug_ranges  0x0000000000000878       0xb0 Drivers/STM32L4xx_HAL_Driver/Src/stm32l4xx_hal_rcc_ex.o

.debug_macro    0x0000000000000000    0x24dfc
 .debug_macro   0x0000000000000000      0x1ba Core/Src/SPS30.o
 .debug_macro   0x00000000000001ba      0xaa8 Core/Src/SPS30.o
 .debug_macro   0x0000000000000c62      0x1a1 Core/Src/SPS30.o
 .debug_macro   0x0000000000000e03       0x2e Core/Src/SPS30.o
 .debug_macro   0x0000000000000e31       0x28 Core/Src/SPS30.o
 .debug_macro   0x0000000000000e59       0x22 Core/Src/SPS30.o
 .debug_macro   0x0000000000000e7b       0x8e Core/Src/SPS30.o
 .debug_macro   0x0000000000000f09       0x51 Core/Src/SPS30.o
 .debug_macro   0x0000000000000f5a      0x103 Core/Src/SPS30.o
 .debug_macro   0x000000000000105d       0x6a Core/Src/SPS30.o
 .debug_macro   0x00000000000010c7      0x1df Core/Src/SPS30.o
 .debug_macro   0x00000000000012a6       0x1c Core/Src/SPS30.o
 .debug_macro   0x00000000000012c2       0x22 Core/Src/SPS30.o
 .debug_macro   0x00000000000012e4      0x101 Core/Src/SPS30.o
 .debug_macro   0x00000000000013e5     0x1011 Core/Src/SPS30.o
 .debug_macro   0x00000000000023f6      0x11f Core/Src/SPS30.o
 .debug_macro   0x0000000000002515    0x1a13d Core/Src/SPS30.o
 .debug_macro   0x000000000001c652       0x43 Core/Src/SPS30.o
 .debug_macro   0x000000000001c695     0x3897 Core/Src/SPS30.o
 .debug_macro   0x000000000001ff2c      0x174 Core/Src/SPS30.o
 .debug_macro   0x00000000000200a0       0x5c Core/Src/SPS30.o
 .debug_macro   0x00000000000200fc     0x155f Core/Src/SPS30.o
 .debug_macro   0x000000000002165b      0x59e Core/Src/SPS30.o
 .debug_macro   0x0000000000021bf9      0x13d Core/Src/SPS30.o
 .debug_macro   0x0000000000021d36      0x18b Core/Src/SPS30.o
 .debug_macro   0x0000000000021ec1      0x26b Core/Src/SPS30.o
 .debug_macro   0x000000000002212c      0x23d Core/Src/SPS30.o
 .debug_macro   0x0000000000022369      0x241 Core/Src/SPS30.o
 .debug_macro   0x00000000000225aa      0x37c Core/Src/SPS30.o
 .debug_macro   0x0000000000022926       0xd6 Core/Src/SPS30.o
 .debug_macro   0x00000000000229fc      0x22c Core/Src/SPS30.o
 .debug_macro   0x0000000000022c28       0x61 Core/Src/SPS30.o
 .debug_macro   0x0000000000022c89       0xa5 Core/Src/SPS30.o
 .debug_macro   0x0000000000022d2e      0x122 Core/Src/SPS30.o
 .debug_macro   0x0000000000022e50      0x3e9 Core/Src/SPS30.o
 .debug_macro   0x0000000000023239      0x331 Core/Src/SPS30.o
 .debug_macro   0x000000000002356a       0x5e Core/Src/SPS30.o
 .debug_macro   0x00000000000235c8      0x1c4 Core/Src/main.o
 .debug_macro   0x000000000002378c      0x1bb Core/Src/stm32l4xx_hal_msp.o
 .debug_macro   0x0000000000023947      0x1c5 Core/Src/stm32l4xx_it.o
 .debug_macro   0x0000000000023b0c      0x1b1 Core/Src/system_stm32l4xx.o
 .debug_macro   0x0000000000023cbd      0x1ff Drivers/STM32L4xx_HAL_Driver/Src/stm32l4xx_hal.o
 .debug_macro   0x0000000000023ebc      0x1b1 Drivers/STM32L4xx_HAL_Driver/Src/stm32l4xx_hal_cortex.o
 .debug_macro   0x000000000002406d      0x1f0 Drivers/STM32L4xx_HAL_Driver/Src/stm32l4xx_hal_gpio.o
 .debug_macro   0x000000000002425d      0x276 Drivers/STM32L4xx_HAL_Driver/Src/stm32l4xx_hal_i2c.o
 .debug_macro   0x00000000000244d3      0x1b1 Drivers/STM32L4xx_HAL_Driver/Src/stm32l4xx_hal_i2c_ex.o
 .debug_macro   0x0000000000024684      0x1c9 Drivers/STM32L4xx_HAL_Driver/Src/stm32l4xx_hal_pwr.o
 .debug_macro   0x000000000002484d      0x1d5 Drivers/STM32L4xx_HAL_Driver/Src/stm32l4xx_hal_pwr_ex.o
 .debug_macro   0x0000000000024a22      0x1f3 Drivers/STM32L4xx_HAL_Driver/Src/stm32l4xx_hal_rcc.o
 .debug_macro   0x0000000000024c15      0x1e7 Drivers/STM32L4xx_HAL_Driver/Src/stm32l4xx_hal_rcc_ex.o

.debug_line     0x0000000000000000     0xbade
 .debug_line    0x0000000000000000      0x81a Core/Src/SPS30.o
 .debug_line    0x000000000000081a      0x850 Core/Src/main.o
 .debug_line    0x000000000000106a      0x6f7 Core/Src/stm32l4xx_hal_msp.o
 .debug_line    0x0000000000001761      0x757 Core/Src/stm32l4xx_it.o
 .debug_line    0x0000000000001eb8      0x745 Core/Src/system_stm32l4xx.o
 .debug_line    0x00000000000025fd       0x87 Core/Startup/startup_stm32l476rgtx.o
 .debug_line    0x0000000000002684      0xa84 Drivers/STM32L4xx_HAL_Driver/Src/stm32l4xx_hal.o
 .debug_line    0x0000000000003108      0xc2b Drivers/STM32L4xx_HAL_Driver/Src/stm32l4xx_hal_cortex.o
 .debug_line    0x0000000000003d33      0xafe Drivers/STM32L4xx_HAL_Driver/Src/stm32l4xx_hal_gpio.o
 .debug_line    0x0000000000004831     0x3255 Drivers/STM32L4xx_HAL_Driver/Src/stm32l4xx_hal_i2c.o
 .debug_line    0x0000000000007a86      0x8b2 Drivers/STM32L4xx_HAL_Driver/Src/stm32l4xx_hal_i2c_ex.o
 .debug_line    0x0000000000008338      0x861 Drivers/STM32L4xx_HAL_Driver/Src/stm32l4xx_hal_pwr.o
 .debug_line    0x0000000000008b99      0xc40 Drivers/STM32L4xx_HAL_Driver/Src/stm32l4xx_hal_pwr_ex.o
 .debug_line    0x00000000000097d9      0xec8 Drivers/STM32L4xx_HAL_Driver/Src/stm32l4xx_hal_rcc.o
 .debug_line    0x000000000000a6a1     0x143d Drivers/STM32L4xx_HAL_Driver/Src/stm32l4xx_hal_rcc_ex.o

.debug_str      0x0000000000000000    0xe14e7
 .debug_str     0x0000000000000000    0xde09e Core/Src/SPS30.o
                                      0xde3df (size before relaxing)
 .debug_str     0x00000000000de09e      0x337 Core/Src/main.o
                                      0xde681 (size before relaxing)
 .debug_str     0x00000000000de3d5      0x31a Core/Src/stm32l4xx_hal_msp.o
                                      0xde59d (size before relaxing)
 .debug_str     0x00000000000de6ef       0xbd Core/Src/stm32l4xx_it.o
                                      0xddd27 (size before relaxing)
 .debug_str     0x00000000000de7ac       0xb8 Core/Src/system_stm32l4xx.o
                                      0xdde61 (size before relaxing)
 .debug_str     0x00000000000de864       0x36 Core/Startup/startup_stm32l476rgtx.o
                                         0x59 (size before relaxing)
 .debug_str     0x00000000000de89a      0x9ed Drivers/STM32L4xx_HAL_Driver/Src/stm32l4xx_hal.o
                                      0xde960 (size before relaxing)
 .debug_str     0x00000000000df287      0x389 Drivers/STM32L4xx_HAL_Driver/Src/stm32l4xx_hal_cortex.o
                                      0xde6d0 (size before relaxing)
 .debug_str     0x00000000000df610      0x257 Drivers/STM32L4xx_HAL_Driver/Src/stm32l4xx_hal_gpio.o
                                      0xde0fb (size before relaxing)
 .debug_str     0x00000000000df867      0xd49 Drivers/STM32L4xx_HAL_Driver/Src/stm32l4xx_hal_i2c.o
                                      0xdef8d (size before relaxing)
 .debug_str     0x00000000000e05b0       0xb8 Drivers/STM32L4xx_HAL_Driver/Src/stm32l4xx_hal_i2c_ex.o
                                      0xde385 (size before relaxing)
 .debug_str     0x00000000000e0668      0x2f1 Drivers/STM32L4xx_HAL_Driver/Src/stm32l4xx_hal_pwr.o
                                      0xde193 (size before relaxing)
 .debug_str     0x00000000000e0959      0x43e Drivers/STM32L4xx_HAL_Driver/Src/stm32l4xx_hal_pwr_ex.o
                                      0xde397 (size before relaxing)
 .debug_str     0x00000000000e0d97      0x3aa Drivers/STM32L4xx_HAL_Driver/Src/stm32l4xx_hal_rcc.o
                                      0xde43e (size before relaxing)
 .debug_str     0x00000000000e1141      0x3a6 Drivers/STM32L4xx_HAL_Driver/Src/stm32l4xx_hal_rcc_ex.o
                                      0xde5cf (size before relaxing)

.comment        0x0000000000000000       0x53
 .comment       0x0000000000000000       0x53 Core/Src/SPS30.o
                                         0x54 (size before relaxing)
 .comment       0x0000000000000053       0x54 Core/Src/main.o
 .comment       0x0000000000000053       0x54 Core/Src/stm32l4xx_hal_msp.o
 .comment       0x0000000000000053       0x54 Core/Src/stm32l4xx_it.o
 .comment       0x0000000000000053       0x54 Core/Src/system_stm32l4xx.o
 .comment       0x0000000000000053       0x54 Drivers/STM32L4xx_HAL_Driver/Src/stm32l4xx_hal.o
 .comment       0x0000000000000053       0x54 Drivers/STM32L4xx_HAL_Driver/Src/stm32l4xx_hal_cortex.o
 .comment       0x0000000000000053       0x54 Drivers/STM32L4xx_HAL_Driver/Src/stm32l4xx_hal_gpio.o
 .comment       0x0000000000000053       0x54 Drivers/STM32L4xx_HAL_Driver/Src/stm32l4xx_hal_i2c.o
 .comment       0x0000000000000053       0x54 Drivers/STM32L4xx_HAL_Driver/Src/stm32l4xx_hal_i2c_ex.o
 .comment       0x0000000000000053       0x54 Drivers/STM32L4xx_HAL_Driver/Src/stm32l4xx_hal_pwr.o
 .comment       0x0000000000000053       0x54 Drivers/STM32L4xx_HAL_Driver/Src/stm32l4xx_hal_pwr_ex.o
 .comment       0x0000000000000053       0x54 Drivers/STM32L4xx_HAL_Driver/Src/stm32l4xx_hal_rcc.o
 .comment       0x0000000000000053       0x54 Drivers/STM32L4xx_HAL_Driver/Src/stm32l4xx_hal_rcc_ex.o

.debug_frame    0x0000000000000000     0x2798
 .debug_frame   0x0000000000000000       0xf0 Core/Src/SPS30.o
 .debug_frame   0x00000000000000f0       0xb4 Core/Src/main.o
 .debug_frame   0x00000000000001a4       0x84 Core/Src/stm32l4xx_hal_msp.o
 .debug_frame   0x0000000000000228      0x104 Core/Src/stm32l4xx_it.o
 .debug_frame   0x000000000000032c       0x58 Core/Src/system_stm32l4xx.o
 .debug_frame   0x0000000000000384      0x498 Drivers/STM32L4xx_HAL_Driver/Src/stm32l4xx_hal.o
 .debug_frame   0x000000000000081c      0x498 Drivers/STM32L4xx_HAL_Driver/Src/stm32l4xx_hal_cortex.o
 .debug_frame   0x0000000000000cb4      0x14c Drivers/STM32L4xx_HAL_Driver/Src/stm32l4xx_hal_gpio.o
 .debug_frame   0x0000000000000e00      0xbe8 Drivers/STM32L4xx_HAL_Driver/Src/stm32l4xx_hal_i2c.o
 .debug_frame   0x00000000000019e8      0x100 Drivers/STM32L4xx_HAL_Driver/Src/stm32l4xx_hal_i2c_ex.o
 .debug_frame   0x0000000000001ae8      0x230 Drivers/STM32L4xx_HAL_Driver/Src/stm32l4xx_hal_pwr.o
 .debug_frame   0x0000000000001d18      0x544 Drivers/STM32L4xx_HAL_Driver/Src/stm32l4xx_hal_pwr_ex.o
 .debug_frame   0x000000000000225c      0x1f4 Drivers/STM32L4xx_HAL_Driver/Src/stm32l4xx_hal_rcc.o
 .debug_frame   0x0000000000002450      0x2fc Drivers/STM32L4xx_HAL_Driver/Src/stm32l4xx_hal_rcc_ex.o
 .debug_frame   0x000000000000274c       0x2c c:/st/stm32cubeide_1.6.1/stm32cubeide/plugins/com.st.stm32cube.ide.mcu.externaltools.gnu-tools-for-stm32.9-2020-q2-update.win32_1.5.0.202011040924/tools/bin/../lib/gcc/arm-none-eabi/9.3.1/../../../../arm-none-eabi/lib/thumb/v7e-m+fp/hard\libc_nano.a(lib_a-init.o)
 .debug_frame   0x0000000000002778       0x20 c:/st/stm32cubeide_1.6.1/stm32cubeide/plugins/com.st.stm32cube.ide.mcu.externaltools.gnu-tools-for-stm32.9-2020-q2-update.win32_1.5.0.202011040924/tools/bin/../lib/gcc/arm-none-eabi/9.3.1/../../../../arm-none-eabi/lib/thumb/v7e-m+fp/hard\libc_nano.a(lib_a-memset.o)
